// Jest Snapshot v1, https://goo.gl/fbAQLP

exports[`test tooltip should hide when mouse leave antd disabled component Button 1`] = `
initialize {
  "0": Object {
    "attribs": Object {
      "style": "display: inline-block; cursor: not-allowed;",
    },
    "children": Array [
      Object {
        "attribs": Object {
          "class": "button button-default button-undefined button-disabled",
          "style": "pointer-events: none;",
          "type": "button",
        },
        "children": Array [
          Object {
            "attribs": Object {},
            "children": Array [],
            "name": "span",
            "namespace": "http://www.w3.org/1999/xhtml",
            "next": null,
            "parent": [Circular],
            "prev": null,
            "type": "tag",
            "x-attribsNamespace": Object {},
            "x-attribsPrefix": Object {},
          },
        ],
        "name": "button",
        "namespace": "http://www.w3.org/1999/xhtml",
        "next": null,
        "parent": [Circular],
        "prev": null,
        "type": "tag",
        "x-attribsNamespace": Object {
          "class": undefined,
          "style": undefined,
          "type": undefined,
        },
        "x-attribsPrefix": Object {
          "class": undefined,
          "style": undefined,
          "type": undefined,
        },
      },
    ],
    "name": "span",
    "namespace": "http://www.w3.org/1999/xhtml",
    "next": null,
    "parent": null,
    "prev": null,
    "root": Object {
      "attribs": Object {},
      "children": Array [
        [Circular],
      ],
      "name": "root",
      "namespace": "http://www.w3.org/1999/xhtml",
      "next": null,
      "parent": null,
      "prev": null,
      "type": "root",
      "x-attribsNamespace": Object {},
      "x-attribsPrefix": Object {},
    },
    "type": "tag",
    "x-attribsNamespace": Object {
      "style": undefined,
    },
    "x-attribsPrefix": Object {
      "style": undefined,
    },
  },
  "_root": [Circular],
  "length": 1,
  "options": Object {
    "decodeEntities": true,
    "normalizeWhitespace": false,
    "withDomLvl1": true,
    "xml": false,
  },
}
`;

exports[`test tooltip use arrowPointAtCenter 1`] = `ReactWrapper {}`;

exports[`test tooltip use placement 1`] = `ReactWrapper {}`;

exports[`test tooltip 未触发的时候，是否挂载 1`] = `ReactWrapper {}`;
