// Jest Snapshot v1, https://goo.gl/fbAQLP

exports[`Button should render empty button without errors 1`] = `ShallowWrapper {}`;
